Script started on 2018-10-25 14:28:02-06:00
^[[A^[[A]0;ahmed.zahran1@csa2:~/CPSC355/Assignments/Assignment3ahmed.zahran1@csa2:~/CPSC355/Assignments/Assignment3$ exitgdb assign3.outexit[Kq[Kexit gdb assign3.out
GNU gdb (GDB) Fedora 8.1.1-3.fc28
Copyright (C) 2018 Free Software Foundation, Inc.
License GPLv3+: GNU GPL version 3 or later <http://gnu.org/licenses/gpl.html>
This is free software: you are free to change and redistribute it.
There is NO WARRANTY, to the extent permitted by law.  Type "show copying"
and "show warranty" for details.
This GDB was configured as "aarch64-redhat-linux-gnu".
Type "show configuration" for configuration details.
For bug reporting instructions, please see:
<http://www.gnu.org/software/gdb/bugs/>.
Find the GDB manual and other documentation resources online at:
<http://www.gnu.org/software/gdb/documentation/>.
For help, type "help".
Type "apropos word" to search for commands related to "word"...
Reading symbols from assign3.out...done.
(gdb) b * loop_2a
Breakpoint 1 at 0x400654: file assign3.s, line 70.
(gdb) b * loop_2a[C[C[C[C[C[C[Kdisplat[Ky /i $pc
1: x/i $pc
<error: No registers.>
(gdb) display /i $pc[C[C[C[C[C[C[3Pb * loop_2a[C[C[C[C[C[Cdisplay /i $pc[C[C[C[C[C[C[Kr
Starting program: /home/ugd/ahmed.zahran1/CPSC355/Assignments/Assignment3/assign3.out 
warning: the debug information found in "/usr/lib/debug//usr/lib64/ld-2.27.so.debug" does not match "/lib/ld-linux-aarch64.so.1" (CRC mismatch).

Missing separate debuginfos, use: dnf debuginfo-install glibc-2.27-32.fc28.aarch64
warning: the debug information found in "/usr/lib/debug//lib64/libc-2.27.so.debug" does not match "/lib64/libc.so.6" (CRC mismatch).

warning: the debug information found in "/usr/lib/debug//usr/lib64/libc-2.27.so.debug" does not match "/lib64/libc.so.6" (CRC mismatch).

v[0]: 103
v[1]: 198
v[2]: 105
v[3]: 115
v[4]: 81
v[5]: 255
v[6]: 74
v[7]: 236
v[8]: 41
v[9]: 205
v[10]: 186
v[11]: 171
v[12]: 242
v[13]: 251
v[14]: 227
v[15]: 70
v[16]: 124
v[17]: 194
v[18]: 84
v[19]: 248
v[20]: 27
v[21]: 232
v[22]: 231
v[23]: 141
v[24]: 118
v[25]: 90
v[26]: 46
v[27]: 99
v[28]: 51
v[29]: 159
v[30]: 201
v[31]: 154
v[32]: 102
v[33]: 50
v[34]: 13
v[35]: 183
v[36]: 49
v[37]: 88
v[38]: 163
v[39]: 90
v[40]: 37
v[41]: 93
v[42]: 5
v[43]: 23
v[44]: 88
v[45]: 233
v[46]: 94
v[47]: 212
v[48]: 171
v[49]: 178

Breakpoint 1, loop_2a () at assign3.s:70
70	         ldr w21 , [x19, w22, SXTW 2]  // Set w21 to v[1]
1: x/i $pc
=> 0x400654 <loop_2a>:	ldr	w21, [x19, w22, sxtw #2]
(gdb) rdisplay /i $pc[C[C[C[C[C[C[3Pb * loop_2a[C[C[C[C[C[Cdisplay /i $pc[K[K[K[K[K[K[K[K[K[K[K[K[K[Kx/100x $sp[C[1P $sp[1P $sp[1P $sp[1P $sp5 $sp0 $spd $sp
0xfffffffff030:	-3808	65535	-1084896860	65535
0xfffffffff040:	1	65535	0	103
0xfffffffff050:	198	105	115	81
0xfffffffff060:	255	74	236	41
0xfffffffff070:	205	186	171	242
0xfffffffff080:	251	227	70	124
0xfffffffff090:	194	84	248	27
0xfffffffff0a0:	232	231	141	118
0xfffffffff0b0:	90	46	99	51
0xfffffffff0c0:	159	201	154	102
0xfffffffff0d0:	50	13	183	49
0xfffffffff0e0:	88	163	90	37
0xfffffffff0f0:	93	5
(gdb) x/50d $sp[C[K[K[K[K
0xfffffffff0f8:	23	88	233	94
0xfffffffff108:	212	171	178	0
0xfffffffff118:	0	0	0	0
0xfffffffff128:	4195628	0	0	0
0xfffffffff138:	0	0	4195552	0
0xfffffffff148:	0	0	0	0
0xfffffffff158:	0	0	4195552	0
0xfffffffff168:	-3480	65535	-3632	1
0xfffffffff178:	4195840	0	-1	-1
0xfffffffff188:	4196120	0	0	0
0xfffffffff198:	4195552	0	0	0
0xfffffffff1a8:	0	0	0	0
0xfffffffff1b8:	0	0
(gdb) x/50d $28
History has not yet reached $28.
(gdb) x/50d $28z$28x$28[K[K[K[K[K[K[K[K[K[K[K[K[K[K[K[K[K x/50d $28z$28x$28[1P$28[1P$28[Cx28[C28928+28
Invalid number "1P".
(gdb)  x/50d $28z$28x$28[1P$28[1P$28[Cx28[C28928+28[1PP$28[Cx28[C28928+28[1PP$28[P$28[Cx28[C28928+28
No symbol "P$28" in current context.
(gdb)  x/50d $28z$28x$28[P$28[P$28[Cx28[C28928+281P$28[1P$28[Cx28[C28928+28[C[C[C[C[C[Cx/50d $28[K[K $28[C[C[C[C[C[C x/50d $28z$28x$28[1P$28[1P$28[Cx28[C28928+28[C[C[C[C[C[Cx/50d $28[K[K $sp[C[C[C[C[C[Cr[Kx/50d $sp
0xfffffffff030:	-3808	65535	-1084896860	65535
0xfffffffff040:	1	65535	0	103
0xfffffffff050:	198	105	115	81
0xfffffffff060:	255	74	236	41
0xfffffffff070:	205	186	171	242
0xfffffffff080:	251	227	70	124
0xfffffffff090:	194	84	248	27
0xfffffffff0a0:	232	231	141	118
0xfffffffff0b0:	90	46	99	51
0xfffffffff0c0:	159	201	154	102
0xfffffffff0d0:	50	13	183	49
0xfffffffff0e0:	88	163	90	37
0xfffffffff0f0:	93	5
(gdb) c
Continuing.

Breakpoint 1, loop_2a () at assign3.s:70
70	         ldr w21 , [x19, w22, SXTW 2]  // Set w21 to v[1]
1: x/i $pc
=> 0x400654 <loop_2a>:	ldr	w21, [x19, w22, sxtw #2]
(gdb) b * test_2a[Ka[Ka
Breakpoint 2 at 0x4006c0: file assign3.s, line 108.
(gdb) c
Continuing.

Breakpoint 2, test_2a () at assign3.s:108
108	        cmp w22, SIZE                        // Compare i to SIZE
1: x/i $pc
=> 0x4006c0 <test_2a>:	cmp	w22, #0x32
(gdb) cb * test_2a[C[C[C[C[C[Cc[Kx/50d $sp
0xfffffffff030:	-3808	65535	-1084896860	65535
0xfffffffff040:	3	1	105	103
0xfffffffff050:	105	198	115	81
0xfffffffff060:	255	74	236	41
0xfffffffff070:	205	186	171	242
0xfffffffff080:	251	227	70	124
0xfffffffff090:	194	84	248	27
0xfffffffff0a0:	232	231	141	118
0xfffffffff0b0:	90	46	99	51
0xfffffffff0c0:	159	201	154	102
0xfffffffff0d0:	50	13	183	49
0xfffffffff0e0:	88	163	90	37
0xfffffffff0f0:	93	5
(gdb) c
Continuing.

Breakpoint 1, loop_2a () at assign3.s:70
70	         ldr w21 , [x19, w22, SXTW 2]  // Set w21 to v[1]
1: x/i $pc
=> 0x400654 <loop_2a>:	ldr	w21, [x19, w22, sxtw #2]
(gdb) cx/50d $sp
0xfffffffff030:	-3808	65535	-1084896860	65535
0xfffffffff040:	3	1	105	103
0xfffffffff050:	105	198	115	81
0xfffffffff060:	255	74	236	41
0xfffffffff070:	205	186	171	242
0xfffffffff080:	251	227	70	124
0xfffffffff090:	194	84	248	27
0xfffffffff0a0:	232	231	141	118
0xfffffffff0b0:	90	46	99	51
0xfffffffff0c0:	159	201	154	102
0xfffffffff0d0:	50	13	183	49
0xfffffffff0e0:	88	163	90	37
0xfffffffff0f0:	93	5
(gdb) c
Continuing.

Breakpoint 2, test_2a () at assign3.s:108
108	        cmp w22, SIZE                        // Compare i to SIZE
1: x/i $pc
=> 0x4006c0 <test_2a>:	cmp	w22, #0x32
(gdb) c
Continuing.

Breakpoint 1, loop_2a () at assign3.s:70
70	         ldr w21 , [x19, w22, SXTW 2]  // Set w21 to v[1]
1: x/i $pc
=> 0x400654 <loop_2a>:	ldr	w21, [x19, w22, sxtw #2]
(gdb) cx/50d $sp
0xfffffffff030:	-3808	65535	-1084896860	65535
0xfffffffff040:	4	2	115	103
0xfffffffff050:	105	115	198	81
0xfffffffff060:	255	74	236	41
0xfffffffff070:	205	186	171	242
0xfffffffff080:	251	227	70	124
0xfffffffff090:	194	84	248	27
0xfffffffff0a0:	232	231	141	118
0xfffffffff0b0:	90	46	99	51
0xfffffffff0c0:	159	201	154	102
0xfffffffff0d0:	50	13	183	49
0xfffffffff0e0:	88	163	90	37
0xfffffffff0f0:	93	5
(gdb) c
Continuing.

Breakpoint 2, test_2a () at assign3.s:108
108	        cmp w22, SIZE                        // Compare i to SIZE
1: x/i $pc
=> 0x4006c0 <test_2a>:	cmp	w22, #0x32
(gdb) c
Continuing.

Breakpoint 1, loop_2a () at assign3.s:70
70	         ldr w21 , [x19, w22, SXTW 2]  // Set w21 to v[1]
1: x/i $pc
=> 0x400654 <loop_2a>:	ldr	w21, [x19, w22, sxtw #2]
(gdb) cx/50d $sp
0xfffffffff030:	-3808	65535	-1084896860	65535
0xfffffffff040:	5	0	81	81
0xfffffffff050:	103	105	115	198
0xfffffffff060:	255	74	236	41
0xfffffffff070:	205	186	171	242
0xfffffffff080:	251	227	70	124
0xfffffffff090:	194	84	248	27
0xfffffffff0a0:	232	231	141	118
0xfffffffff0b0:	90	46	99	51
0xfffffffff0c0:	159	201	154	102
0xfffffffff0d0:	50	13	183	49
0xfffffffff0e0:	88	163	90	37
0xfffffffff0f0:	93	5
(gdb) x/50d $sp[C[C[C[C[C[Cc[K
Continuing.

Breakpoint 2, test_2a () at assign3.s:108
108	        cmp w22, SIZE                        // Compare i to SIZE
1: x/i $pc
=> 0x4006c0 <test_2a>:	cmp	w22, #0x32
(gdb) c
Continuing.

Breakpoint 1, loop_2a () at assign3.s:70
70	         ldr w21 , [x19, w22, SXTW 2]  // Set w21 to v[1]
1: x/i $pc
=> 0x400654 <loop_2a>:	ldr	w21, [x19, w22, sxtw #2]
(gdb) c
Continuing.

Breakpoint 2, test_2a () at assign3.s:108
108	        cmp w22, SIZE                        // Compare i to SIZE
1: x/i $pc
=> 0x4006c0 <test_2a>:	cmp	w22, #0x32
(gdb) cx/50d $sp
0xfffffffff030:	-3808	65535	-1084896860	65535
0xfffffffff040:	7	0	74	74
0xfffffffff050:	81	103	105	115
0xfffffffff060:	198	255	236	41
0xfffffffff070:	205	186	171	242
0xfffffffff080:	251	227	70	124
0xfffffffff090:	194	84	248	27
0xfffffffff0a0:	232	231	141	118
0xfffffffff0b0:	90	46	99	51
0xfffffffff0c0:	159	201	154	102
0xfffffffff0d0:	50	13	183	49
0xfffffffff0e0:	88	163	90	37
0xfffffffff0f0:	93	5
(gdb) x/50d $sp[C[C[C[C[C[Cc[Kx/50d $sp[C[C[C[C[C[Cc[K
Continuing.

Breakpoint 1, loop_2a () at assign3.s:70
70	         ldr w21 , [x19, w22, SXTW 2]  // Set w21 to v[1]
1: x/i $pc
=> 0x400654 <loop_2a>:	ldr	w21, [x19, w22, sxtw #2]
(gdb) c
Continuing.

Breakpoint 2, test_2a () at assign3.s:108
108	        cmp w22, SIZE                        // Compare i to SIZE
1: x/i $pc
=> 0x4006c0 <test_2a>:	cmp	w22, #0x32
(gdb) c
Continuing.

Breakpoint 1, loop_2a () at assign3.s:70
70	         ldr w21 , [x19, w22, SXTW 2]  // Set w21 to v[1]
1: x/i $pc
=> 0x400654 <loop_2a>:	ldr	w21, [x19, w22, sxtw #2]
(gdb) c.
A syntax error in expression, near `.'.
(gdb) c.
A syntax error in expression, near `.'.
(gdb) c.[K
Continuing.

Breakpoint 2, test_2a () at assign3.s:108
108	        cmp w22, SIZE                        // Compare i to SIZE
1: x/i $pc
=> 0x4006c0 <test_2a>:	cmp	w22, #0x32
(gdb) c.[Kx/50d $sp
0xfffffffff030:	-3808	65535	-1084896860	65535
0xfffffffff040:	9	0	41	41
0xfffffffff050:	74	81	103	105
0xfffffffff060:	115	198	236	255
0xfffffffff070:	205	186	171	242
0xfffffffff080:	251	227	70	124
0xfffffffff090:	194	84	248	27
0xfffffffff0a0:	232	231	141	118
0xfffffffff0b0:	90	46	99	51
0xfffffffff0c0:	159	201	154	102
0xfffffffff0d0:	50	13	183	49
0xfffffffff0e0:	88	163	90	37
0xfffffffff0f0:	93	5
(gdb) x/50d $sp[C[C[C[C[C[Cc[Kx/50d $sp[C[C[C[C[C[Cc[K
Continuing.

Breakpoint 1, loop_2a () at assign3.s:70
70	         ldr w21 , [x19, w22, SXTW 2]  // Set w21 to v[1]
1: x/i $pc
=> 0x400654 <loop_2a>:	ldr	w21, [x19, w22, sxtw #2]
(gdb) c
Continuing.

Breakpoint 2, test_2a () at assign3.s:108
108	        cmp w22, SIZE                        // Compare i to SIZE
1: x/i $pc
=> 0x4006c0 <test_2a>:	cmp	w22, #0x32
(gdb) c
Continuing.

Breakpoint 1, loop_2a () at assign3.s:70
70	         ldr w21 , [x19, w22, SXTW 2]  // Set w21 to v[1]
1: x/i $pc
=> 0x400654 <loop_2a>:	ldr	w21, [x19, w22, sxtw #2]
(gdb) c
Continuing.

Breakpoint 2, test_2a () at assign3.s:108
108	        cmp w22, SIZE                        // Compare i to SIZE
1: x/i $pc
=> 0x4006c0 <test_2a>:	cmp	w22, #0x32
(gdb) c
Continuing.

Breakpoint 1, loop_2a () at assign3.s:70
70	         ldr w21 , [x19, w22, SXTW 2]  // Set w21 to v[1]
1: x/i $pc
=> 0x400654 <loop_2a>:	ldr	w21, [x19, w22, sxtw #2]
(gdb) c
Continuing.

Breakpoint 2, test_2a () at assign3.s:108
108	        cmp w22, SIZE                        // Compare i to SIZE
1: x/i $pc
=> 0x4006c0 <test_2a>:	cmp	w22, #0x32
(gdb) c
Continuing.

Breakpoint 1, loop_2a () at assign3.s:70
70	         ldr w21 , [x19, w22, SXTW 2]  // Set w21 to v[1]
1: x/i $pc
=> 0x400654 <loop_2a>:	ldr	w21, [x19, w22, sxtw #2]
(gdb) c
Continuing.

Breakpoint 2, test_2a () at assign3.s:108
108	        cmp w22, SIZE                        // Compare i to SIZE
1: x/i $pc
=> 0x4006c0 <test_2a>:	cmp	w22, #0x32
(gdb) c
Continuing.

Breakpoint 1, loop_2a () at assign3.s:70
70	         ldr w21 , [x19, w22, SXTW 2]  // Set w21 to v[1]
1: x/i $pc
=> 0x400654 <loop_2a>:	ldr	w21, [x19, w22, sxtw #2]
(gdb) c
Continuing.

Breakpoint 2, test_2a () at assign3.s:108
108	        cmp w22, SIZE                        // Compare i to SIZE
1: x/i $pc
=> 0x4006c0 <test_2a>:	cmp	w22, #0x32
(gdb) c
Continuing.

Breakpoint 1, loop_2a () at assign3.s:70
70	         ldr w21 , [x19, w22, SXTW 2]  // Set w21 to v[1]
1: x/i $pc
=> 0x400654 <loop_2a>:	ldr	w21, [x19, w22, sxtw #2]
(gdb) c
Continuing.

Breakpoint 2, test_2a () at assign3.s:108
108	        cmp w22, SIZE                        // Compare i to SIZE
1: x/i $pc
=> 0x4006c0 <test_2a>:	cmp	w22, #0x32
(gdb) c
Continuing.

Breakpoint 1, loop_2a () at assign3.s:70
70	         ldr w21 , [x19, w22, SXTW 2]  // Set w21 to v[1]
1: x/i $pc
=> 0x400654 <loop_2a>:	ldr	w21, [x19, w22, sxtw #2]
(gdb) cx/50d $sp
0xfffffffff030:	-3808	65535	-1084896860	65535
0xfffffffff040:	15	10	227	41
0xfffffffff050:	74	81	103	105
0xfffffffff060:	115	171	186	198
0xfffffffff070:	205	227	236	242
0xfffffffff080:	251	255	70	124
0xfffffffff090:	194	84	248	27
0xfffffffff0a0:	232	231	141	118
0xfffffffff0b0:	90	46	99	51
0xfffffffff0c0:	159	201	154	102
0xfffffffff0d0:	50	13	183	49
0xfffffffff0e0:	88	163	90	37
0xfffffffff0f0:	93	5
(gdb) x/50d $sp[C[C[C[C[C[Cc[K
Continuing.

Breakpoint 2, test_2a () at assign3.s:108
108	        cmp w22, SIZE                        // Compare i to SIZE
1: x/i $pc
=> 0x4006c0 <test_2a>:	cmp	w22, #0x32
(gdb) c
Continuing.

Breakpoint 1, loop_2a () at assign3.s:70
70	         ldr w21 , [x19, w22, SXTW 2]  // Set w21 to v[1]
1: x/i $pc
=> 0x400654 <loop_2a>:	ldr	w21, [x19, w22, sxtw #2]
(gdb) c
Continuing.

Breakpoint 2, test_2a () at assign3.s:108
108	        cmp w22, SIZE                        // Compare i to SIZE
1: x/i $pc
=> 0x4006c0 <test_2a>:	cmp	w22, #0x32
(gdb) b*endloop[K[K[K[Ktest
Breakpoint 3 at 0x400700: file assign3.s, line 131.
(gdb) c
Continuing.

Breakpoint 1, loop_2a () at assign3.s:70
70	         ldr w21 , [x19, w22, SXTW 2]  // Set w21 to v[1]
1: x/i $pc
=> 0x400654 <loop_2a>:	ldr	w21, [x19, w22, sxtw #2]
(gdb) c
Continuing.

Breakpoint 2, test_2a () at assign3.s:108
108	        cmp w22, SIZE                        // Compare i to SIZE
1: x/i $pc
=> 0x4006c0 <test_2a>:	cmp	w22, #0x32
(gdb) c
Continuing.

Breakpoint 1, loop_2a () at assign3.s:70
70	         ldr w21 , [x19, w22, SXTW 2]  // Set w21 to v[1]
1: x/i $pc
=> 0x400654 <loop_2a>:	ldr	w21, [x19, w22, sxtw #2]
(gdb) c
Continuing.

Breakpoint 2, test_2a () at assign3.s:108
108	        cmp w22, SIZE                        // Compare i to SIZE
1: x/i $pc
=> 0x4006c0 <test_2a>:	cmp	w22, #0x32
(gdb) c
Continuing.

Breakpoint 1, loop_2a () at assign3.s:70
70	         ldr w21 , [x19, w22, SXTW 2]  // Set w21 to v[1]
1: x/i $pc
=> 0x400654 <loop_2a>:	ldr	w21, [x19, w22, sxtw #2]
(gdb) c
Continuing.

Breakpoint 2, test_2a () at assign3.s:108
108	        cmp w22, SIZE                        // Compare i to SIZE
1: x/i $pc
=> 0x4006c0 <test_2a>:	cmp	w22, #0x32
(gdb) c
Continuing.

Breakpoint 1, loop_2a () at assign3.s:70
70	         ldr w21 , [x19, w22, SXTW 2]  // Set w21 to v[1]
1: x/i $pc
=> 0x400654 <loop_2a>:	ldr	w21, [x19, w22, sxtw #2]
(gdb) c
Continuing.

Breakpoint 2, test_2a () at assign3.s:108
108	        cmp w22, SIZE                        // Compare i to SIZE
1: x/i $pc
=> 0x4006c0 <test_2a>:	cmp	w22, #0x32
(gdb) c
Continuing.

Breakpoint 1, loop_2a () at assign3.s:70
70	         ldr w21 , [x19, w22, SXTW 2]  // Set w21 to v[1]
1: x/i $pc
=> 0x400654 <loop_2a>:	ldr	w21, [x19, w22, sxtw #2]
(gdb) c
Continuing.

Breakpoint 2, test_2a () at assign3.s:108
108	        cmp w22, SIZE                        // Compare i to SIZE
1: x/i $pc
=> 0x4006c0 <test_2a>:	cmp	w22, #0x32
(gdb) c
Continuing.

Breakpoint 1, loop_2a () at assign3.s:70
70	         ldr w21 , [x19, w22, SXTW 2]  // Set w21 to v[1]
1: x/i $pc
=> 0x400654 <loop_2a>:	ldr	w21, [x19, w22, sxtw #2]
(gdb) c
Continuing.

Breakpoint 2, test_2a () at assign3.s:108
108	        cmp w22, SIZE                        // Compare i to SIZE
1: x/i $pc
=> 0x4006c0 <test_2a>:	cmp	w22, #0x32
(gdb) c
Continuing.

Breakpoint 1, loop_2a () at assign3.s:70
70	         ldr w21 , [x19, w22, SXTW 2]  // Set w21 to v[1]
1: x/i $pc
=> 0x400654 <loop_2a>:	ldr	w21, [x19, w22, sxtw #2]
(gdb) c
Continuing.

Breakpoint 2, test_2a () at assign3.s:108
108	        cmp w22, SIZE                        // Compare i to SIZE
1: x/i $pc
=> 0x4006c0 <test_2a>:	cmp	w22, #0x32
(gdb) c
Continuing.

Breakpoint 1, loop_2a () at assign3.s:70
70	         ldr w21 , [x19, w22, SXTW 2]  // Set w21 to v[1]
1: x/i $pc
=> 0x400654 <loop_2a>:	ldr	w21, [x19, w22, sxtw #2]
(gdb) c
Continuing.

Breakpoint 2, test_2a () at assign3.s:108
108	        cmp w22, SIZE                        // Compare i to SIZE
1: x/i $pc
=> 0x4006c0 <test_2a>:	cmp	w22, #0x32
(gdb) c
Continuing.

Breakpoint 1, loop_2a () at assign3.s:70
70	         ldr w21 , [x19, w22, SXTW 2]  // Set w21 to v[1]
1: x/i $pc
=> 0x400654 <loop_2a>:	ldr	w21, [x19, w22, sxtw #2]
(gdb) c
Continuing.
c
Breakpoint 2, test_2a () at assign3.s:108
108	        cmp w22, SIZE                        // Compare i to SIZE
1: x/i $pc
=> 0x4006c0 <test_2a>:	cmp	w22, #0x32
(gdb) cc
Undefined command: "cc".  Try "help".
(gdb) c
Continuing.

Breakpoint 1, loop_2a () at assign3.s:70
70	         ldr w21 , [x19, w22, SXTW 2]  // Set w21 to v[1]
1: x/i $pc
=> 0x400654 <loop_2a>:	ldr	w21, [x19, w22, sxtw #2]
(gdb) c
Continuing.

Breakpoint 2, test_2a () at assign3.s:108
108	        cmp w22, SIZE                        // Compare i to SIZE
1: x/i $pc
=> 0x4006c0 <test_2a>:	cmp	w22, #0x32
(gdb) c
Continuing.

Breakpoint 1, loop_2a () at assign3.s:70
70	         ldr w21 , [x19, w22, SXTW 2]  // Set w21 to v[1]
1: x/i $pc
=> 0x400654 <loop_2a>:	ldr	w21, [x19, w22, sxtw #2]
(gdb) c
Continuing.

Breakpoint 2, test_2a () at assign3.s:108
108	        cmp w22, SIZE                        // Compare i to SIZE
1: x/i $pc
=> 0x4006c0 <test_2a>:	cmp	w22, #0x32
(gdb) c
Continuing.

Breakpoint 1, loop_2a () at assign3.s:70
70	         ldr w21 , [x19, w22, SXTW 2]  // Set w21 to v[1]
1: x/i $pc
=> 0x400654 <loop_2a>:	ldr	w21, [x19, w22, sxtw #2]
(gdb) c
Continuing.

Breakpoint 2, test_2a () at assign3.s:108
108	        cmp w22, SIZE                        // Compare i to SIZE
1: x/i $pc
=> 0x4006c0 <test_2a>:	cmp	w22, #0x32
(gdb) c
Continuing.

Breakpoint 1, loop_2a () at assign3.s:70
70	         ldr w21 , [x19, w22, SXTW 2]  // Set w21 to v[1]
1: x/i $pc
=> 0x400654 <loop_2a>:	ldr	w21, [x19, w22, sxtw #2]
(gdb) c
Continuing.

Breakpoint 2, test_2a () at assign3.s:108
108	        cmp w22, SIZE                        // Compare i to SIZE
1: x/i $pc
=> 0x4006c0 <test_2a>:	cmp	w22, #0x32
(gdb) c
Continuing.

Breakpoint 1, loop_2a () at assign3.s:70
70	         ldr w21 , [x19, w22, SXTW 2]  // Set w21 to v[1]
1: x/i $pc
=> 0x400654 <loop_2a>:	ldr	w21, [x19, w22, sxtw #2]
(gdb) c
Continuing.

Breakpoint 2, test_2a () at assign3.s:108
108	        cmp w22, SIZE                        // Compare i to SIZE
1: x/i $pc
=> 0x4006c0 <test_2a>:	cmp	w22, #0x32
(gdb) c
Continuing.

Breakpoint 1, loop_2a () at assign3.s:70
70	         ldr w21 , [x19, w22, SXTW 2]  // Set w21 to v[1]
1: x/i $pc
=> 0x400654 <loop_2a>:	ldr	w21, [x19, w22, sxtw #2]
(gdb) c
Continuing.

Breakpoint 2, test_2a () at assign3.s:108
108	        cmp w22, SIZE                        // Compare i to SIZE
1: x/i $pc
=> 0x4006c0 <test_2a>:	cmp	w22, #0x32
(gdb) c
Continuing.

Breakpoint 1, loop_2a () at assign3.s:70
70	         ldr w21 , [x19, w22, SXTW 2]  // Set w21 to v[1]
1: x/i $pc
=> 0x400654 <loop_2a>:	ldr	w21, [x19, w22, sxtw #2]
(gdb) c
Continuing.

Breakpoint 2, test_2a () at assign3.s:108
108	        cmp w22, SIZE                        // Compare i to SIZE
1: x/i $pc
=> 0x4006c0 <test_2a>:	cmp	w22, #0x32
(gdb) c
Continuing.

Breakpoint 1, loop_2a () at assign3.s:70
70	         ldr w21 , [x19, w22, SXTW 2]  // Set w21 to v[1]
1: x/i $pc
=> 0x400654 <loop_2a>:	ldr	w21, [x19, w22, sxtw #2]
(gdb) c
Continuing.

Breakpoint 2, test_2a () at assign3.s:108
108	        cmp w22, SIZE                        // Compare i to SIZE
1: x/i $pc
=> 0x4006c0 <test_2a>:	cmp	w22, #0x32
(gdb) c
Continuing.

Breakpoint 1, loop_2a () at assign3.s:70
70	         ldr w21 , [x19, w22, SXTW 2]  // Set w21 to v[1]
1: x/i $pc
=> 0x400654 <loop_2a>:	ldr	w21, [x19, w22, sxtw #2]
(gdb) c
Continuing.

Breakpoint 2, test_2a () at assign3.s:108
108	        cmp w22, SIZE                        // Compare i to SIZE
1: x/i $pc
=> 0x4006c0 <test_2a>:	cmp	w22, #0x32
(gdb) c
Continuing.

Breakpoint 1, loop_2a () at assign3.s:70
70	         ldr w21 , [x19, w22, SXTW 2]  // Set w21 to v[1]
1: x/i $pc
=> 0x400654 <loop_2a>:	ldr	w21, [x19, w22, sxtw #2]
(gdb) c
Continuing.

Breakpoint 2, test_2a () at assign3.s:108
108	        cmp w22, SIZE                        // Compare i to SIZE
1: x/i $pc
=> 0x4006c0 <test_2a>:	cmp	w22, #0x32
(gdb) c
Continuing.

Breakpoint 1, loop_2a () at assign3.s:70
70	         ldr w21 , [x19, w22, SXTW 2]  // Set w21 to v[1]
1: x/i $pc
=> 0x400654 <loop_2a>:	ldr	w21, [x19, w22, sxtw #2]
(gdb) c
Continuing.

Breakpoint 2, test_2a () at assign3.s:108
108	        cmp w22, SIZE                        // Compare i to SIZE
1: x/i $pc
=> 0x4006c0 <test_2a>:	cmp	w22, #0x32
(gdb) c
Continuing.

Breakpoint 1, loop_2a () at assign3.s:70
70	         ldr w21 , [x19, w22, SXTW 2]  // Set w21 to v[1]
1: x/i $pc
=> 0x400654 <loop_2a>:	ldr	w21, [x19, w22, sxtw #2]
(gdb) c
Continuing.

Breakpoint 2, test_2a () at assign3.s:108
108	        cmp w22, SIZE                        // Compare i to SIZE
1: x/i $pc
=> 0x4006c0 <test_2a>:	cmp	w22, #0x32
(gdb) c
Continuing.

Breakpoint 1, loop_2a () at assign3.s:70
70	         ldr w21 , [x19, w22, SXTW 2]  // Set w21 to v[1]
1: x/i $pc
=> 0x400654 <loop_2a>:	ldr	w21, [x19, w22, sxtw #2]
(gdb) c
Continuing.

Breakpoint 2, test_2a () at assign3.s:108
108	        cmp w22, SIZE                        // Compare i to SIZE
1: x/i $pc
=> 0x4006c0 <test_2a>:	cmp	w22, #0x32
(gdb) c
Continuing.

Breakpoint 1, loop_2a () at assign3.s:70
70	         ldr w21 , [x19, w22, SXTW 2]  // Set w21 to v[1]
1: x/i $pc
=> 0x400654 <loop_2a>:	ldr	w21, [x19, w22, sxtw #2]
(gdb) c
Continuing.

Breakpoint 2, test_2a () at assign3.s:108
108	        cmp w22, SIZE                        // Compare i to SIZE
1: x/i $pc
=> 0x4006c0 <test_2a>:	cmp	w22, #0x32
(gdb) c
Continuing.

Breakpoint 1, loop_2a () at assign3.s:70
70	         ldr w21 , [x19, w22, SXTW 2]  // Set w21 to v[1]
1: x/i $pc
=> 0x400654 <loop_2a>:	ldr	w21, [x19, w22, sxtw #2]
(gdb) c
Continuing.

Breakpoint 2, test_2a () at assign3.s:108
108	        cmp w22, SIZE                        // Compare i to SIZE
1: x/i $pc
=> 0x4006c0 <test_2a>:	cmp	w22, #0x32
(gdb) c
Continuing.

Breakpoint 1, loop_2a () at assign3.s:70
70	         ldr w21 , [x19, w22, SXTW 2]  // Set w21 to v[1]
1: x/i $pc
=> 0x400654 <loop_2a>:	ldr	w21, [x19, w22, sxtw #2]
(gdb) c
Continuing.

Breakpoint 2, test_2a () at assign3.s:108
108	        cmp w22, SIZE                        // Compare i to SIZE
1: x/i $pc
=> 0x4006c0 <test_2a>:	cmp	w22, #0x32
(gdb) r
The program being debugged has been started already.
Start it from the beginning? (y or n) n
Program not restarted.
(gdb) rc
Continuing.

Breakpoint 1, loop_2a () at assign3.s:70
70	         ldr w21 , [x19, w22, SXTW 2]  // Set w21 to v[1]
1: x/i $pc
=> 0x400654 <loop_2a>:	ldr	w21, [x19, w22, sxtw #2]
(gdb) c
Continuing.

Breakpoint 2, test_2a () at assign3.s:108
108	        cmp w22, SIZE                        // Compare i to SIZE
1: x/i $pc
=> 0x4006c0 <test_2a>:	cmp	w22, #0x32
(gdb) c
Continuing.

Breakpoint 1, loop_2a () at assign3.s:70
70	         ldr w21 , [x19, w22, SXTW 2]  // Set w21 to v[1]
1: x/i $pc
=> 0x400654 <loop_2a>:	ldr	w21, [x19, w22, sxtw #2]
(gdb) c
Continuing.

Breakpoint 2, test_2a () at assign3.s:108
108	        cmp w22, SIZE                        // Compare i to SIZE
1: x/i $pc
=> 0x4006c0 <test_2a>:	cmp	w22, #0x32
(gdb) c
Continuing.

Breakpoint 1, loop_2a () at assign3.s:70
70	         ldr w21 , [x19, w22, SXTW 2]  // Set w21 to v[1]
1: x/i $pc
=> 0x400654 <loop_2a>:	ldr	w21, [x19, w22, sxtw #2]
(gdb) c
Continuing.

Breakpoint 2, test_2a () at assign3.s:108
108	        cmp w22, SIZE                        // Compare i to SIZE
1: x/i $pc
=> 0x4006c0 <test_2a>:	cmp	w22, #0x32
(gdb) c
Continuing.

Breakpoint 1, loop_2a () at assign3.s:70
70	         ldr w21 , [x19, w22, SXTW 2]  // Set w21 to v[1]
1: x/i $pc
=> 0x400654 <loop_2a>:	ldr	w21, [x19, w22, sxtw #2]
(gdb) c
Continuing.

Breakpoint 2, test_2a () at assign3.s:108
108	        cmp w22, SIZE                        // Compare i to SIZE
1: x/i $pc
=> 0x4006c0 <test_2a>:	cmp	w22, #0x32
(gdb) c
Continuing.

Breakpoint 1, loop_2a () at assign3.s:70
70	         ldr w21 , [x19, w22, SXTW 2]  // Set w21 to v[1]
1: x/i $pc
=> 0x400654 <loop_2a>:	ldr	w21, [x19, w22, sxtw #2]
(gdb) c
Continuing.

Breakpoint 2, test_2a () at assign3.s:108
108	        cmp w22, SIZE                        // Compare i to SIZE
1: x/i $pc
=> 0x4006c0 <test_2a>:	cmp	w22, #0x32
(gdb) crcc[Kb*endtest[C[C[C[C[C[Cc[Kb*endtest[C[C[C[C[C[Cc[Kx/50d $sp[C[C[C[C[C[Cc[Kx/50d $sp
0xfffffffff030:	-3808	65535	-1084896860	65535
0xfffffffff040:	47	19	94	5
0xfffffffff050:	13	23	27	37
0xfffffffff060:	41	46	49	50
0xfffffffff070:	51	70	74	81
0xfffffffff080:	84	88	88	90
0xfffffffff090:	90	93	94	99
0xfffffffff0a0:	102	103	105	115
0xfffffffff0b0:	118	124	141	154
0xfffffffff0c0:	159	163	171	183
0xfffffffff0d0:	186	194	198	201
0xfffffffff0e0:	205	227	231	232
0xfffffffff0f0:	233	236
(gdb) c
Continuing.

Breakpoint 1, loop_2a () at assign3.s:70
70	         ldr w21 , [x19, w22, SXTW 2]  // Set w21 to v[1]
1: x/i $pc
=> 0x400654 <loop_2a>:	ldr	w21, [x19, w22, sxtw #2]
(gdb) c
Continuing.

Breakpoint 2, test_2a () at assign3.s:108
108	        cmp w22, SIZE                        // Compare i to SIZE
1: x/i $pc
=> 0x4006c0 <test_2a>:	cmp	w22, #0x32
(gdb) c
Continuing.

Breakpoint 1, loop_2a () at assign3.s:70
70	         ldr w21 , [x19, w22, SXTW 2]  // Set w21 to v[1]
1: x/i $pc
=> 0x400654 <loop_2a>:	ldr	w21, [x19, w22, sxtw #2]
(gdb) c
Continuing.

Breakpoint 2, test_2a () at assign3.s:108
108	        cmp w22, SIZE                        // Compare i to SIZE
1: x/i $pc
=> 0x4006c0 <test_2a>:	cmp	w22, #0x32
(gdb) c
Continuing.

Breakpoint 1, loop_2a () at assign3.s:70
70	         ldr w21 , [x19, w22, SXTW 2]  // Set w21 to v[1]
1: x/i $pc
=> 0x400654 <loop_2a>:	ldr	w21, [x19, w22, sxtw #2]
(gdb) c
Continuing.

Breakpoint 2, test_2a () at assign3.s:108
108	        cmp w22, SIZE                        // Compare i to SIZE
1: x/i $pc
=> 0x4006c0 <test_2a>:	cmp	w22, #0x32
(gdb) c
Continuing.

Sorted Array:

Breakpoint 3, endtest () at assign3.s:131
131	         cmp w22, SIZE                       // Compare i to SIZE
1: x/i $pc
=> 0x400700 <endtest>:	cmp	w22, #0x32
(gdb) c
Continuing.
v[0]: 5

Breakpoint 3, endtest () at assign3.s:131
131	         cmp w22, SIZE                       // Compare i to SIZE
1: x/i $pc
=> 0x400700 <endtest>:	cmp	w22, #0x32
(gdb) c[Kcx/50d $sp[C[C[C[C[C[Cc[Kx/50d $sp
0xfffffffff030:	-3808	65535	-1084896860	65535
0xfffffffff040:	1	33	178	5
0xfffffffff050:	13	23	27	37
0xfffffffff060:	41	46	49	50
0xfffffffff070:	51	70	74	81
0xfffffffff080:	84	88	88	90
0xfffffffff090:	90	93	94	99
0xfffffffff0a0:	102	103	105	115
0xfffffffff0b0:	118	124	141	154
0xfffffffff0c0:	159	163	171	171
0xfffffffff0d0:	178	183	186	194
0xfffffffff0e0:	198	201	205	212
0xfffffffff0f0:	227	231
(gdb) c
Continuing.
v[1]: 13

Breakpoint 3, endtest () at assign3.s:131
131	         cmp w22, SIZE                       // Compare i to SIZE
1: x/i $pc
=> 0x400700 <endtest>:	cmp	w22, #0x32
(gdb) cx/50d $sp
0xfffffffff030:	-3808	65535	-1084896860	65535
0xfffffffff040:	2	33	178	5
0xfffffffff050:	13	23	27	37
0xfffffffff060:	41	46	49	50
0xfffffffff070:	51	70	74	81
0xfffffffff080:	84	88	88	90
0xfffffffff090:	90	93	94	99
0xfffffffff0a0:	102	103	105	115
0xfffffffff0b0:	118	124	141	154
0xfffffffff0c0:	159	163	171	171
0xfffffffff0d0:	178	183	186	194
0xfffffffff0e0:	198	201	205	212
0xfffffffff0f0:	227	231
(gdb) c
Continuing.
v[2]: 23

Breakpoint 3, endtest () at assign3.s:131
131	         cmp w22, SIZE                       // Compare i to SIZE
1: x/i $pc
=> 0x400700 <endtest>:	cmp	w22, #0x32
(gdb) cx/50d $sp
0xfffffffff030:	-3808	65535	-1084896860	65535
0xfffffffff040:	3	33	178	5
0xfffffffff050:	13	23	27	37
0xfffffffff060:	41	46	49	50
0xfffffffff070:	51	70	74	81
0xfffffffff080:	84	88	88	90
0xfffffffff090:	90	93	94	99
0xfffffffff0a0:	102	103	105	115
0xfffffffff0b0:	118	124	141	154
0xfffffffff0c0:	159	163	171	171
0xfffffffff0d0:	178	183	186	194
0xfffffffff0e0:	198	201	205	212
0xfffffffff0f0:	227	231
(gdb) c
Continuing.
v[3]: 27

Breakpoint 3, endtest () at assign3.s:131
131	         cmp w22, SIZE                       // Compare i to SIZE
1: x/i $pc
=> 0x400700 <endtest>:	cmp	w22, #0x32
(gdb) cx/50d $sp
0xfffffffff030:	-3808	65535	-1084896860	65535
0xfffffffff040:	4	33	178	5
0xfffffffff050:	13	23	27	37
0xfffffffff060:	41	46	49	50
0xfffffffff070:	51	70	74	81
0xfffffffff080:	84	88	88	90
0xfffffffff090:	90	93	94	99
0xfffffffff0a0:	102	103	105	115
0xfffffffff0b0:	118	124	141	154
0xfffffffff0c0:	159	163	171	171
0xfffffffff0d0:	178	183	186	194
0xfffffffff0e0:	198	201	205	212
0xfffffffff0f0:	227	231
(gdb) c
Continuing.
v[4]: 37

Breakpoint 3, endtest () at assign3.s:131
131	         cmp w22, SIZE                       // Compare i to SIZE
1: x/i $pc
=> 0x400700 <endtest>:	cmp	w22, #0x32
(gdb) cx/50d $sp
0xfffffffff030:	-3808	65535	-1084896860	65535
0xfffffffff040:	5	33	178	5
0xfffffffff050:	13	23	27	37
0xfffffffff060:	41	46	49	50
0xfffffffff070:	51	70	74	81
0xfffffffff080:	84	88	88	90
0xfffffffff090:	90	93	94	99
0xfffffffff0a0:	102	103	105	115
0xfffffffff0b0:	118	124	141	154
0xfffffffff0c0:	159	163	171	171
0xfffffffff0d0:	178	183	186	194
0xfffffffff0e0:	198	201	205	212
0xfffffffff0f0:	227	231
(gdb) c
Continuing.
v[5]: 41

Breakpoint 3, endtest () at assign3.s:131
131	         cmp w22, SIZE                       // Compare i to SIZE
1: x/i $pc
=> 0x400700 <endtest>:	cmp	w22, #0x32
(gdb) cx/50d $sp
0xfffffffff030:	-3808	65535	-1084896860	65535
0xfffffffff040:	6	33	178	5
0xfffffffff050:	13	23	27	37
0xfffffffff060:	41	46	49	50
0xfffffffff070:	51	70	74	81
0xfffffffff080:	84	88	88	90
0xfffffffff090:	90	93	94	99
0xfffffffff0a0:	102	103	105	115
0xfffffffff0b0:	118	124	141	154
0xfffffffff0c0:	159	163	171	171
0xfffffffff0d0:	178	183	186	194
0xfffffffff0e0:	198	201	205	212
0xfffffffff0f0:	227	231
(gdb) x/50d $sp[C[C[C[C[C[Cc[K
Continuing.
v[6]: 46

Breakpoint 3, endtest () at assign3.s:131
131	         cmp w22, SIZE                       // Compare i to SIZE
1: x/i $pc
=> 0x400700 <endtest>:	cmp	w22, #0x32
(gdb) c
Continuing.
v[7]: 49

Breakpoint 3, endtest () at assign3.s:131
131	         cmp w22, SIZE                       // Compare i to SIZE
1: x/i $pc
=> 0x400700 <endtest>:	cmp	w22, #0x32
(gdb) c
Continuing.
v[8]: 50

Breakpoint 3, endtest () at assign3.s:131
131	         cmp w22, SIZE                       // Compare i to SIZE
1: x/i $pc
=> 0x400700 <endtest>:	cmp	w22, #0x32
(gdb) cx/50d $sp
0xfffffffff030:	-3808	65535	-1084896860	65535
0xfffffffff040:	9	33	178	5
0xfffffffff050:	13	23	27	37
0xfffffffff060:	41	46	49	50
0xfffffffff070:	51	70	74	81
0xfffffffff080:	84	88	88	90
0xfffffffff090:	90	93	94	99
0xfffffffff0a0:	102	103	105	115
0xfffffffff0b0:	118	124	141	154
0xfffffffff0c0:	159	163	171	171
0xfffffffff0d0:	178	183	186	194
0xfffffffff0e0:	198	201	205	212
0xfffffffff0f0:	227	231
(gdb) c
Continuing.
v[9]: 51

Breakpoint 3, endtest () at assign3.s:131
131	         cmp w22, SIZE                       // Compare i to SIZE
1: x/i $pc
=> 0x400700 <endtest>:	cmp	w22, #0x32
(gdb) c
Continuing.
v[10]: 70

Breakpoint 3, endtest () at assign3.s:131
131	         cmp w22, SIZE                       // Compare i to SIZE
1: x/i $pc
=> 0x400700 <endtest>:	cmp	w22, #0x32
(gdb) c
Continuing.
v[11]: 74

Breakpoint 3, endtest () at assign3.s:131
131	         cmp w22, SIZE                       // Compare i to SIZE
1: x/i $pc
=> 0x400700 <endtest>:	cmp	w22, #0x32
(gdb) c
Continuing.
v[12]: 81

Breakpoint 3, endtest () at assign3.s:131
131	         cmp w22, SIZE                       // Compare i to SIZE
1: x/i $pc
=> 0x400700 <endtest>:	cmp	w22, #0x32
(gdb) c
Continuing.
v[13]: 84

Breakpoint 3, endtest () at assign3.s:131
131	         cmp w22, SIZE                       // Compare i to SIZE
1: x/i $pc
=> 0x400700 <endtest>:	cmp	w22, #0x32
(gdb) c
Continuing.
v[14]: 88

Breakpoint 3, endtest () at assign3.s:131
131	         cmp w22, SIZE                       // Compare i to SIZE
1: x/i $pc
=> 0x400700 <endtest>:	cmp	w22, #0x32
(gdb) c
Continuing.
v[15]: 88

Breakpoint 3, endtest () at assign3.s:131
131	         cmp w22, SIZE                       // Compare i to SIZE
1: x/i $pc
=> 0x400700 <endtest>:	cmp	w22, #0x32
(gdb) c
Continuing.
v[16]: 90

Breakpoint 3, endtest () at assign3.s:131
131	         cmp w22, SIZE                       // Compare i to SIZE
1: x/i $pc
=> 0x400700 <endtest>:	cmp	w22, #0x32
(gdb) c
Continuing.
v[17]: 90

Breakpoint 3, endtest () at assign3.s:131
131	         cmp w22, SIZE                       // Compare i to SIZE
1: x/i $pc
=> 0x400700 <endtest>:	cmp	w22, #0x32
(gdb) c
Continuing.
v[18]: 93

Breakpoint 3, endtest () at assign3.s:131
131	         cmp w22, SIZE                       // Compare i to SIZE
1: x/i $pc
=> 0x400700 <endtest>:	cmp	w22, #0x32
(gdb) cx/50d $sp
0xfffffffff030:	-3808	65535	-1084896860	65535
0xfffffffff040:	19	33	178	5
0xfffffffff050:	13	23	27	37
0xfffffffff060:	41	46	49	50
0xfffffffff070:	51	70	74	81
0xfffffffff080:	84	88	88	90
0xfffffffff090:	90	93	94	99
0xfffffffff0a0:	102	103	105	115
0xfffffffff0b0:	118	124	141	154
0xfffffffff0c0:	159	163	171	171
0xfffffffff0d0:	178	183	186	194
0xfffffffff0e0:	198	201	205	212
0xfffffffff0f0:	227	231
(gdb) cx/50d $sp[C[C[C[C[C[Cc[K
Continuing.
v[19]: 94

Breakpoint 3, endtest () at assign3.s:131
131	         cmp w22, SIZE                       // Compare i to SIZE
1: x/i $pc
=> 0x400700 <endtest>:	cmp	w22, #0x32
(gdb) c
Continuing.
v[20]: 99

Breakpoint 3, endtest () at assign3.s:131
131	         cmp w22, SIZE                       // Compare i to SIZE
1: x/i $pc
=> 0x400700 <endtest>:	cmp	w22, #0x32
(gdb) c
Continuing.
v[21]: 102

Breakpoint 3, endtest () at assign3.s:131
131	         cmp w22, SIZE                       // Compare i to SIZE
1: x/i $pc
=> 0x400700 <endtest>:	cmp	w22, #0x32
(gdb) c
Continuing.
v[22]: 103

Breakpoint 3, endtest () at assign3.s:131
131	         cmp w22, SIZE                       // Compare i to SIZE
1: x/i $pc
=> 0x400700 <endtest>:	cmp	w22, #0x32
(gdb) c
Continuing.
v[23]: 105

Breakpoint 3, endtest () at assign3.s:131
131	         cmp w22, SIZE                       // Compare i to SIZE
1: x/i $pc
=> 0x400700 <endtest>:	cmp	w22, #0x32
(gdb) c
Continuing.
v[24]: 115

Breakpoint 3, endtest () at assign3.s:131
131	         cmp w22, SIZE                       // Compare i to SIZE
1: x/i $pc
=> 0x400700 <endtest>:	cmp	w22, #0x32
(gdb) c
Continuing.
v[25]: 118

Breakpoint 3, endtest () at assign3.s:131
131	         cmp w22, SIZE                       // Compare i to SIZE
1: x/i $pc
=> 0x400700 <endtest>:	cmp	w22, #0x32
(gdb) c
Continuing.
v[26]: 124

Breakpoint 3, endtest () at assign3.s:131
131	         cmp w22, SIZE                       // Compare i to SIZE
1: x/i $pc
=> 0x400700 <endtest>:	cmp	w22, #0x32
(gdb) c
Continuing.
v[27]: 141

Breakpoint 3, endtest () at assign3.s:131
131	         cmp w22, SIZE                       // Compare i to SIZE
1: x/i $pc
=> 0x400700 <endtest>:	cmp	w22, #0x32
(gdb) c
Continuing.
v[28]: 154

Breakpoint 3, endtest () at assign3.s:131
131	         cmp w22, SIZE                       // Compare i to SIZE
1: x/i $pc
=> 0x400700 <endtest>:	cmp	w22, #0x32
(gdb) c
Continuing.
v[29]: 159

Breakpoint 3, endtest () at assign3.s:131
131	         cmp w22, SIZE                       // Compare i to SIZE
1: x/i $pc
=> 0x400700 <endtest>:	cmp	w22, #0x32
(gdb) c
Continuing.
v[30]: 163

Breakpoint 3, endtest () at assign3.s:131
131	         cmp w22, SIZE                       // Compare i to SIZE
1: x/i $pc
=> 0x400700 <endtest>:	cmp	w22, #0x32
(gdb) c
Continuing.
v[31]: 171

Breakpoint 3, endtest () at assign3.s:131
131	         cmp w22, SIZE                       // Compare i to SIZE
1: x/i $pc
=> 0x400700 <endtest>:	cmp	w22, #0x32
(gdb) c
Continuing.
v[32]: 171

Breakpoint 3, endtest () at assign3.s:131
131	         cmp w22, SIZE                       // Compare i to SIZE
1: x/i $pc
=> 0x400700 <endtest>:	cmp	w22, #0x32
(gdb) c
Continuing.
v[33]: 178

Breakpoint 3, endtest () at assign3.s:131
131	         cmp w22, SIZE                       // Compare i to SIZE
1: x/i $pc
=> 0x400700 <endtest>:	cmp	w22, #0x32
(gdb) c
Continuing.
v[34]: 183

Breakpoint 3, endtest () at assign3.s:131
131	         cmp w22, SIZE                       // Compare i to SIZE
1: x/i $pc
=> 0x400700 <endtest>:	cmp	w22, #0x32
(gdb) c
Continuing.
v[35]: 186

Breakpoint 3, endtest () at assign3.s:131
131	         cmp w22, SIZE                       // Compare i to SIZE
1: x/i $pc
=> 0x400700 <endtest>:	cmp	w22, #0x32
(gdb) c
Continuing.
v[36]: 194

Breakpoint 3, endtest () at assign3.s:131
131	         cmp w22, SIZE                       // Compare i to SIZE
1: x/i $pc
=> 0x400700 <endtest>:	cmp	w22, #0x32
(gdb) c
Continuing.
v[37]: 198

Breakpoint 3, endtest () at assign3.s:131
131	         cmp w22, SIZE                       // Compare i to SIZE
1: x/i $pc
=> 0x400700 <endtest>:	cmp	w22, #0x32
(gdb) c
Continuing.
v[38]: 201

Breakpoint 3, endtest () at assign3.s:131
131	         cmp w22, SIZE                       // Compare i to SIZE
1: x/i $pc
=> 0x400700 <endtest>:	cmp	w22, #0x32
(gdb) c
Continuing.
v[39]: 205

Breakpoint 3, endtest () at assign3.s:131
131	         cmp w22, SIZE                       // Compare i to SIZE
1: x/i $pc
=> 0x400700 <endtest>:	cmp	w22, #0x32
(gdb) c
Continuing.
v[40]: 212

Breakpoint 3, endtest () at assign3.s:131
131	         cmp w22, SIZE                       // Compare i to SIZE
1: x/i $pc
=> 0x400700 <endtest>:	cmp	w22, #0x32
(gdb) c
Continuing.
v[41]: 227

Breakpoint 3, endtest () at assign3.s:131
131	         cmp w22, SIZE                       // Compare i to SIZE
1: x/i $pc
=> 0x400700 <endtest>:	cmp	w22, #0x32
(gdb) c
Continuing.
v[42]: 231

Breakpoint 3, endtest () at assign3.s:131
131	         cmp w22, SIZE                       // Compare i to SIZE
1: x/i $pc
=> 0x400700 <endtest>:	cmp	w22, #0x32
(gdb) c
Continuing.
v[43]: 232

Breakpoint 3, endtest () at assign3.s:131
131	         cmp w22, SIZE                       // Compare i to SIZE
1: x/i $pc
=> 0x400700 <endtest>:	cmp	w22, #0x32
(gdb) c
Continuing.
v[44]: 233

Breakpoint 3, endtest () at assign3.s:131
131	         cmp w22, SIZE                       // Compare i to SIZE
1: x/i $pc
=> 0x400700 <endtest>:	cmp	w22, #0x32
(gdb) c
Continuing.
v[45]: 236

Breakpoint 3, endtest () at assign3.s:131
131	         cmp w22, SIZE                       // Compare i to SIZE
1: x/i $pc
=> 0x400700 <endtest>:	cmp	w22, #0x32
(gdb) c
Continuing.
v[46]: 242

Breakpoint 3, endtest () at assign3.s:131
131	         cmp w22, SIZE                       // Compare i to SIZE
1: x/i $pc
=> 0x400700 <endtest>:	cmp	w22, #0x32
(gdb) c
Continuing.
v[47]: 248

Breakpoint 3, endtest () at assign3.s:131
131	         cmp w22, SIZE                       // Compare i to SIZE
1: x/i $pc
=> 0x400700 <endtest>:	cmp	w22, #0x32
(gdb) c
Continuing.
v[48]: 251

Breakpoint 3, endtest () at assign3.s:131
131	         cmp w22, SIZE                       // Compare i to SIZE
1: x/i $pc
=> 0x400700 <endtest>:	cmp	w22, #0x32
(gdb) c
Continuing.
v[49]: 255

Breakpoint 3, endtest () at assign3.s:131
131	         cmp w22, SIZE                       // Compare i to SIZE
1: x/i $pc
=> 0x400700 <endtest>:	cmp	w22, #0x32
(gdb) c[Kc[Kcx/50d $sp[C[C[C[C[C[Cc[Kx/50d $sp
0xfffffffff030:	-3808	65535	-1084896860	65535
0xfffffffff040:	50	33	178	5
0xfffffffff050:	13	23	27	37
0xfffffffff060:	41	46	49	50
0xfffffffff070:	51	70	74	81
0xfffffffff080:	84	88	88	90
0xfffffffff090:	90	93	94	99
0xfffffffff0a0:	102	103	105	115
0xfffffffff0b0:	118	124	141	154
0xfffffffff0c0:	159	163	171	171
0xfffffffff0d0:	178	183	186	194
0xfffffffff0e0:	198	201	205	212
0xfffffffff0f0:	227	231
(gdb) c
Continuing.
[Inferior 1 (process 3379) exited normally]
(gdb) c
The program is not being run.
(gdb) 
The program is not being run.
(gdb) q
]0;ahmed.zahran1@csa2:~/CPSC355/Assignments/Assignment3ahmed.zahran1@csa2:~/CPSC355/Assignments/Assignment3$ exit
exit

Script done on 2018-10-25 14:39:06-06:00
